// Jest Snapshot v1, https://goo.gl/fbAQLP

exports[`Component: SelectList should render correctly 1`] = `
<View
  style={
    {
      "position": "relative",
      "width": "100%",
      "zIndex": 1,
    }
  }
>
  <View
    style={
      {
        "backgroundColor": "#22222F",
        "borderRadius": 8,
        "flexDirection": "row",
        "fontFamily": "Nunito_400Regular",
        "fontSize": 16,
        "height": 56,
        "paddingHorizontal": 20,
        "width": "100%",
      }
    }
  >
    <TextInput
      onChangeText={[MockFunction]}
      placeholderTextColor="#7F7F98"
      style={
        {
          "color": "#FFFFFF",
          "flex": 1,
        }
      }
    />
  </View>
  <View
    style={
      {
        "borderRadius": 8,
        "left": 0,
        "overflow": "hidden",
        "position": "absolute",
        "right": 0,
        "top": 64,
      }
    }
    testID="options-container"
  >
    <View
      accessibilityState={
        {
          "busy": undefined,
          "checked": undefined,
          "disabled": undefined,
          "expanded": undefined,
          "selected": undefined,
        }
      }
      accessibilityValue={
        {
          "max": undefined,
          "min": undefined,
          "now": undefined,
          "text": undefined,
        }
      }
      accessible={true}
      collapsable={false}
      focusable={true}
      onClick={[Function]}
      onResponderGrant={[Function]}
      onResponderMove={[Function]}
      onResponderRelease={[Function]}
      onResponderTerminate={[Function]}
      onResponderTerminationRequest={[Function]}
      onStartShouldSetResponder={[Function]}
      style={
        {
          "opacity": 1,
        }
      }
      testID="options"
    >
      <Text
        style={
          {
            "backgroundColor": "#3B3B54",
            "borderBottomColor": "#22222F",
            "borderBottomWidth": 1,
            "color": "#FAFAFA",
            "fontFamily": "Nunito_400Regular",
            "fontSize": 16,
            "paddingHorizontal": 20,
            "paddingVertical": 16,
          }
        }
      >
        City 1
      </Text>
    </View>
    <View
      accessibilityState={
        {
          "busy": undefined,
          "checked": undefined,
          "disabled": undefined,
          "expanded": undefined,
          "selected": undefined,
        }
      }
      accessibilityValue={
        {
          "max": undefined,
          "min": undefined,
          "now": undefined,
          "text": undefined,
        }
      }
      accessible={true}
      collapsable={false}
      focusable={true}
      onClick={[Function]}
      onResponderGrant={[Function]}
      onResponderMove={[Function]}
      onResponderRelease={[Function]}
      onResponderTerminate={[Function]}
      onResponderTerminationRequest={[Function]}
      onStartShouldSetResponder={[Function]}
      style={
        {
          "opacity": 1,
        }
      }
      testID="options"
    >
      <Text
        style={
          {
            "backgroundColor": "#3B3B54",
            "borderBottomColor": "#22222F",
            "borderBottomWidth": 1,
            "color": "#FAFAFA",
            "fontFamily": "Nunito_400Regular",
            "fontSize": 16,
            "paddingHorizontal": 20,
            "paddingVertical": 16,
          }
        }
      >
        City 2
      </Text>
    </View>
  </View>
</View>
`;
